Testing connection to: postgresql://postgres.cjhprkblrpdqokbscnfd:***@aws-1-ca-central-1.pooler.supabase.com:5432/postgres

--- Test 1: Default Connection ---
node.exe : ❌ Failed 
(Default): Connection 
terminated due to 
connection timeout
At line:1 char:1
+ & "C:\Program Files\
nodejs/node.exe" 
"C:\Program 
Files\nodejs/node_mo 
...
+ ~~~~~~~~~~~~~~~~~~~~
~~~~~~~~~~~~~~~~~~~~~~
~~~~~~~~~~~~~~~~~~~~~~
~~~~~
    + CategoryInfo    
          : NotSpeci  
  fied: (❌ Failed (   
 Defau...nection t    
imeout:String) []    
, RemoteException
    + FullyQualifiedE 
   rrorId : NativeCo  
  mmandError
 

--- Test 2: SSL Connection ---
❌ Failed (SSL): 
Connection terminated 
due to connection 
timeout
